{
  "version": "1.5.0",
  "plugins_used": [
    {
      "name": "ArtifactoryDetector"
    },
    {
      "name": "AWSKeyDetector"
    },
    {
      "name": "AzureStorageKeyDetector"
    },
    {
      "name": "Base64HighEntropyString",
      "limit": 4.5
    },
    {
      "name": "BasicAuthDetector"
    },
    {
      "name": "CloudantDetector"
    },
    {
      "name": "DiscordBotTokenDetector"
    },
    {
      "name": "GitHubTokenDetector"
    },
    {
      "name": "GitLabTokenDetector"
    },
    {
      "name": "HexHighEntropyString",
      "limit": 3.0
    },
    {
      "name": "IbmCloudIamDetector"
    },
    {
      "name": "IbmCosHmacDetector"
    },
    {
      "name": "IPPublicDetector"
    },
    {
      "name": "JwtTokenDetector"
    },
    {
      "name": "KeywordDetector",
      "keyword_exclude": ""
    },
    {
      "name": "MailchimpDetector"
    },
    {
      "name": "NpmDetector"
    },
    {
      "name": "OpenAIDetector"
    },
    {
      "name": "PrivateKeyDetector"
    },
    {
      "name": "PypiTokenDetector"
    },
    {
      "name": "SendGridDetector"
    },
    {
      "name": "SlackDetector"
    },
    {
      "name": "SoftlayerDetector"
    },
    {
      "name": "SquareOAuthDetector"
    },
    {
      "name": "StripeDetector"
    },
    {
      "name": "TelegramBotTokenDetector"
    },
    {
      "name": "TwilioKeyDetector"
    }
  ],
  "filters_used": [
    {
      "path": "detect_secrets.filters.allowlist.is_line_allowlisted"
    },
    {
      "path": "detect_secrets.filters.common.is_baseline_file",
      "filename": ".secrets.baseline"
    },
    {
      "path": "detect_secrets.filters.common.is_ignored_due_to_verification_policies",
      "min_level": 2
    },
    {
      "path": "detect_secrets.filters.heuristic.is_indirect_reference"
    },
    {
      "path": "detect_secrets.filters.heuristic.is_likely_id_string"
    },
    {
      "path": "detect_secrets.filters.heuristic.is_lock_file"
    },
    {
      "path": "detect_secrets.filters.heuristic.is_not_alphanumeric_string"
    },
    {
      "path": "detect_secrets.filters.heuristic.is_potential_uuid"
    },
    {
      "path": "detect_secrets.filters.heuristic.is_prefixed_with_dollar_sign"
    },
    {
      "path": "detect_secrets.filters.heuristic.is_sequential_string"
    },
    {
      "path": "detect_secrets.filters.heuristic.is_swagger_file"
    },
    {
      "path": "detect_secrets.filters.heuristic.is_templated_secret"
    },
    {
      "path": "detect_secrets.filters.regex.should_exclude_file",
      "pattern": [
        "^(uploads|docs|provenance|node_modules|docs-archive)/|^[^/]+\\.html$|^RELEASE-MANIFEST\\.json$"
      ]
    }
  ],
  "results": {
    ".github/workflows/capture-host-ci.yml": [
      {
        "type": "Secret Keyword",
        "filename": ".github/workflows/capture-host-ci.yml",
        "hashed_secret": "f63e7c710b3ae7d6b525a760b3f6a24fe32fca8d",
        "is_verified": false,
        "line_number": 293
      }
    ],
    "briefs/CPAPDEX-PHASE9-FOLLOWUPS-2026-06-28-BRIEF.md": [
      {
        "type": "Hex High Entropy String",
        "filename": "briefs/CPAPDEX-PHASE9-FOLLOWUPS-2026-06-28-BRIEF.md",
        "hashed_secret": "29a607e296635ee5f4d81617597a727988eeffa9",
        "is_verified": false,
        "line_number": 15
      }
    ],
    "briefs/CPAPDEX-PHASE9-FOLLOWUPS-III-2026-06-28-BRIEF.md": [
      {
        "type": "Hex High Entropy String",
        "filename": "briefs/CPAPDEX-PHASE9-FOLLOWUPS-III-2026-06-28-BRIEF.md",
        "hashed_secret": "29a607e296635ee5f4d81617597a727988eeffa9",
        "is_verified": false,
        "line_number": 28
      }
    ],
    "briefs/CPAPDEX-PHASE9-FOLLOWUPS-IV-2026-06-28-BRIEF.md": [
      {
        "type": "Hex High Entropy String",
        "filename": "briefs/CPAPDEX-PHASE9-FOLLOWUPS-IV-2026-06-28-BRIEF.md",
        "hashed_secret": "29a607e296635ee5f4d81617597a727988eeffa9",
        "is_verified": false,
        "line_number": 42
      }
    ],
    "briefs/RESMED-AS11-PROTOCOL-REFERENCE-2026-08-21-BRIEF.md": [
      {
        "type": "Secret Keyword",
        "filename": "briefs/RESMED-AS11-PROTOCOL-REFERENCE-2026-08-21-BRIEF.md",
        "hashed_secret": "2186485be786815f6593ec43caf683ede98cd819",
        "is_verified": false,
        "line_number": 50
      }
    ],
    "capture-host/as11_link.py": [
      {
        "type": "Hex High Entropy String",
        "filename": "capture-host/as11_link.py",
        "hashed_secret": "7d0fc2b14a3cd98d308376b4d8a06bdfecaf7de7",
        "is_verified": false,
        "line_number": 47
      },
      {
        "type": "Hex High Entropy String",
        "filename": "capture-host/as11_link.py",
        "hashed_secret": "0e055d3d8a7fb51ffc1e6413568d68ca99ec5387",
        "is_verified": false,
        "line_number": 48
      },
      {
        "type": "Hex High Entropy String",
        "filename": "capture-host/as11_link.py",
        "hashed_secret": "4e4acc4394274a2ca111e8e67f2e87ee54375eab",
        "is_verified": false,
        "line_number": 49
      },
      {
        "type": "Hex High Entropy String",
        "filename": "capture-host/as11_link.py",
        "hashed_secret": "f3de02885269290f54e87c7537165767110ae074",
        "is_verified": false,
        "line_number": 50
      },
      {
        "type": "Hex High Entropy String",
        "filename": "capture-host/as11_link.py",
        "hashed_secret": "1430289225fe44c6fea2cf5099af7744bb6cf017",
        "is_verified": false,
        "line_number": 51
      },
      {
        "type": "Hex High Entropy String",
        "filename": "capture-host/as11_link.py",
        "hashed_secret": "7e785fca43e326d9bf11665f17ed78f03f748c18",
        "is_verified": false,
        "line_number": 52
      },
      {
        "type": "Hex High Entropy String",
        "filename": "capture-host/as11_link.py",
        "hashed_secret": "e8bb51f1b9238238952dfe218477206d3c8a4ca2",
        "is_verified": false,
        "line_number": 53
      },
      {
        "type": "Hex High Entropy String",
        "filename": "capture-host/as11_link.py",
        "hashed_secret": "cc6cd93ba991e4210513d13c830e194c53c03eae",
        "is_verified": false,
        "line_number": 54
      }
    ],
    "capture-host/tepna-restart.sh": [
      {
        "type": "Secret Keyword",
        "filename": "capture-host/tepna-restart.sh",
        "hashed_secret": "d065adf8851333810ea91f5f69a1ea63158b8826",
        "is_verified": false,
        "line_number": 6
      }
    ],
    "capture-host/tests/test_as11_link.py": [
      {
        "type": "Hex High Entropy String",
        "filename": "capture-host/tests/test_as11_link.py",
        "hashed_secret": "2ab31b2b0c25d5f6cbc9e082f80ab7cd27ec6315",
        "is_verified": false,
        "line_number": 44
      }
    ],
    "capture-host/tests/test_oxyii.py": [
      {
        "type": "Hex High Entropy String",
        "filename": "capture-host/tests/test_oxyii.py",
        "hashed_secret": "ef855bee88f28d0182232fc905991962db1e3fb6",
        "is_verified": false,
        "line_number": 75
      },
      {
        "type": "Hex High Entropy String",
        "filename": "capture-host/tests/test_oxyii.py",
        "hashed_secret": "8191e9bfb4b8f4feea6c052684cfaf55756f8a5c",
        "is_verified": false,
        "line_number": 76
      }
    ],
    "capture-host/tests/test_pmd_delta.py": [
      {
        "type": "Hex High Entropy String",
        "filename": "capture-host/tests/test_pmd_delta.py",
        "hashed_secret": "7912d387564b122ec42f29cb4f4d9c2b176fd150",
        "is_verified": false,
        "line_number": 18
      },
      {
        "type": "Hex High Entropy String",
        "filename": "capture-host/tests/test_pmd_delta.py",
        "hashed_secret": "a224c6fcfdb35f5118523185e188f7d3700431ab",
        "is_verified": false,
        "line_number": 19
      },
      {
        "type": "Hex High Entropy String",
        "filename": "capture-host/tests/test_pmd_delta.py",
        "hashed_secret": "5d75a5dfe5dd325da55554b871671ca663c983e0",
        "is_verified": false,
        "line_number": 20
      },
      {
        "type": "Hex High Entropy String",
        "filename": "capture-host/tests/test_pmd_delta.py",
        "hashed_secret": "df0c2039cfe50056255a737e18d5ca75c484547f",
        "is_verified": false,
        "line_number": 21
      },
      {
        "type": "Hex High Entropy String",
        "filename": "capture-host/tests/test_pmd_delta.py",
        "hashed_secret": "5edfc42bd2025bf97b884e77437a540874597f18",
        "is_verified": false,
        "line_number": 22
      },
      {
        "type": "Hex High Entropy String",
        "filename": "capture-host/tests/test_pmd_delta.py",
        "hashed_secret": "575901ffaf469ef909e56d329fc76a88d96e3feb",
        "is_verified": false,
        "line_number": 27
      },
      {
        "type": "Hex High Entropy String",
        "filename": "capture-host/tests/test_pmd_delta.py",
        "hashed_secret": "72007f90d047078a1131ac263c25b44e9d9521a8",
        "is_verified": false,
        "line_number": 28
      },
      {
        "type": "Hex High Entropy String",
        "filename": "capture-host/tests/test_pmd_delta.py",
        "hashed_secret": "cf2b9769236c5900790e7d78cef9b0e6c4bf334e",
        "is_verified": false,
        "line_number": 29
      },
      {
        "type": "Hex High Entropy String",
        "filename": "capture-host/tests/test_pmd_delta.py",
        "hashed_secret": "d415e4c1f879def62169a8688a3ce9cbb7641321",
        "is_verified": false,
        "line_number": 30
      },
      {
        "type": "Hex High Entropy String",
        "filename": "capture-host/tests/test_pmd_delta.py",
        "hashed_secret": "5026002c159d9efbc2b3fbfdb13e60e19f9c37d0",
        "is_verified": false,
        "line_number": 31
      },
      {
        "type": "Hex High Entropy String",
        "filename": "capture-host/tests/test_pmd_delta.py",
        "hashed_secret": "2dfe9e4a45198288c6bb54601fa4da59a52406d9",
        "is_verified": false,
        "line_number": 36
      },
      {
        "type": "Hex High Entropy String",
        "filename": "capture-host/tests/test_pmd_delta.py",
        "hashed_secret": "8cdbd2b7ee6bc372ac52fc029df842cb7312c162",
        "is_verified": false,
        "line_number": 37
      },
      {
        "type": "Hex High Entropy String",
        "filename": "capture-host/tests/test_pmd_delta.py",
        "hashed_secret": "edf15e91c314479a426013bf5c45db97315e8bc6",
        "is_verified": false,
        "line_number": 39
      },
      {
        "type": "Hex High Entropy String",
        "filename": "capture-host/tests/test_pmd_delta.py",
        "hashed_secret": "d2d38108614b489b2792c0ca6cf098d2f26f6dd5",
        "is_verified": false,
        "line_number": 40
      },
      {
        "type": "Hex High Entropy String",
        "filename": "capture-host/tests/test_pmd_delta.py",
        "hashed_secret": "8c46e4cea18fd7895d4ba3d0fd7e819de8cf251e",
        "is_verified": false,
        "line_number": 45
      },
      {
        "type": "Hex High Entropy String",
        "filename": "capture-host/tests/test_pmd_delta.py",
        "hashed_secret": "3a507abf40104b0e46ff00add643844a9886beba",
        "is_verified": false,
        "line_number": 46
      },
      {
        "type": "Hex High Entropy String",
        "filename": "capture-host/tests/test_pmd_delta.py",
        "hashed_secret": "0c92982d6b8ff968079b779a9add0b6f33851d28",
        "is_verified": false,
        "line_number": 47
      },
      {
        "type": "Hex High Entropy String",
        "filename": "capture-host/tests/test_pmd_delta.py",
        "hashed_secret": "78283b5c5f45dcd779ffb93aa64d9fa47bdd5f5c",
        "is_verified": false,
        "line_number": 48
      },
      {
        "type": "Hex High Entropy String",
        "filename": "capture-host/tests/test_pmd_delta.py",
        "hashed_secret": "5d761db972a805a6037dcd468abe5730eb979dc2",
        "is_verified": false,
        "line_number": 49
      }
    ],
    "capture-host/tests/test_psftp_protocol.py": [
      {
        "type": "Hex High Entropy String",
        "filename": "capture-host/tests/test_psftp_protocol.py",
        "hashed_secret": "26fefd931bc08ceaec1c57fd02c22f6bbdc57473",
        "is_verified": false,
        "line_number": 90
      }
    ],
    "capture-host/tests/test_webmon_alerts_contract.py": [
      {
        "type": "Secret Keyword",
        "filename": "capture-host/tests/test_webmon_alerts_contract.py",
        "hashed_secret": "109b364b4fe6201d0f0c73001a271f5d9c981b1b",
        "is_verified": false,
        "line_number": 27
      }
    ],
    "capture-host/tests/test_webmon_api.py": [
      {
        "type": "Secret Keyword",
        "filename": "capture-host/tests/test_webmon_api.py",
        "hashed_secret": "f3bbbd66a63d4bf1747940578ec3d0103530e21d",
        "is_verified": false,
        "line_number": 575
      }
    ],
    "capture-host/webmon.py": [
      {
        "type": "Secret Keyword",
        "filename": "capture-host/webmon.py",
        "hashed_secret": "6893bb86a1c3e8731fc63d9128665e2f7914ce5b",
        "is_verified": false,
        "line_number": 1089
      }
    ],
    "support.js": [
      {
        "type": "Base64 High Entropy String",
        "filename": "support.js",
        "hashed_secret": "13ded5622237af2efcc6079718b0671ecdd4165e",
        "is_verified": false,
        "line_number": 1304
      },
      {
        "type": "Base64 High Entropy String",
        "filename": "support.js",
        "hashed_secret": "18ed4a6366415e03e68e83c982650bacd21d1ba1",
        "is_verified": false,
        "line_number": 1306
      }
    ],
    "templates/License Stamp Directions.html": [
      {
        "type": "Base64 High Entropy String",
        "filename": "templates/License Stamp Directions.html",
        "hashed_secret": "15cec270f44d7f4f1751d3f3ba0c59de746d783e",
        "is_verified": false,
        "line_number": 65
      },
      {
        "type": "Base64 High Entropy String",
        "filename": "templates/License Stamp Directions.html",
        "hashed_secret": "9d4f0dbeba51b67921005512a26e5e651bedb626",
        "is_verified": false,
        "line_number": 66
      },
      {
        "type": "Base64 High Entropy String",
        "filename": "templates/License Stamp Directions.html",
        "hashed_secret": "eadc3f93238dda49ec69d9ffa9416a74f348d9ca",
        "is_verified": false,
        "line_number": 67
      }
    ],
    "tests/build-core-tests.mjs": [
      {
        "type": "Hex High Entropy String",
        "filename": "tests/build-core-tests.mjs",
        "hashed_secret": "244f421f896bdcdd2784dccf4eaf7c8dfd5189b5",
        "is_verified": false,
        "line_number": 63
      },
      {
        "type": "Hex High Entropy String",
        "filename": "tests/build-core-tests.mjs",
        "hashed_secret": "aabc6baa2329644dd4c24ce57ddde468ff64ce8e",
        "is_verified": false,
        "line_number": 64
      },
      {
        "type": "Hex High Entropy String",
        "filename": "tests/build-core-tests.mjs",
        "hashed_secret": "10cc000f6ed3ca42acfceabd2e7aa7fc221cdc83",
        "is_verified": false,
        "line_number": 65
      }
    ],
    "tests/dex-tests.js": [
      {
        "type": "Hex High Entropy String",
        "filename": "tests/dex-tests.js",
        "hashed_secret": "90bd1b48e958257948487b90bee080ba5ed00caa",
        "is_verified": false,
        "line_number": 33259
      },
      {
        "type": "Hex High Entropy String",
        "filename": "tests/dex-tests.js",
        "hashed_secret": "ada696d09eb1ab472b1b263c5121d2762f01437b",
        "is_verified": false,
        "line_number": 42958
      }
    ]
  },
  "generated_at": "2026-08-28T11:23:56Z"
}
